Debugger listening on ws://127.0.0.1:9229/74a161be-9a88-4245-bf53-05bf9931c550
For help see https://nodejs.org/en/docs/inspector
(node:3652) DeprecationWarning: current URL string parser is deprecated, and will be removed in a future version. To use the new parser, pass option { useNewUrlParser: true } to MongoClient.connect.
MongoDB connected.
Sinh nhật phải là ngày, Logs phải là Mảng, Thiếu thông tin tên tài khoản, Tuổi không được lớn hơn 200, Email không hợp lệ, Quyền phải thuột một trong các giá trị sau : admin, normal, Address.country dài ít nhất 2 kí tự
{
  "errors": [
    {
      "message": "Sinh nhật phải là ngày",
      "context": {
        "kind": "type",
        "path_name": "Sinh nhật",
        "path": "birthday",
        "type": "Date",
        "type_name": "ngày",
        "value": "AAA",
        "stringValue": "\"AAA\""
      }
    },
    {
      "message": "Logs phải là Mảng",
      "context": {
        "kind": "type",
        "path_name": "logs",
        "path": "logs",
        "type": "Array",
        "type_name": "Mảng",
        "value": "AAA",
        "stringValue": "\"AAA\""
      }
    },
    {
      "message": "Thiếu thông tin tên tài khoản",
      "context": {
        "kind": "required",
        "path_name": "tên tài khoản",
        "path": "username"
      }
    },
    {
      "message": "Tuổi không được lớn hơn 200",
      "context": {
        "kind": "max",
        "path_name": "tuổi",
        "path": "age",
        "value": 1000,
        "max": 200
      }
    },
    {
      "message": "Email không hợp lệ",
      "context": {
        "kind": "regexp",
        "path_name": "email",
        "path": "email",
        "value": "bi.mail.com"
      }
    },
    {
      "message": "Quyền phải thuột một trong các giá trị sau : admin, normal",
      "context": {
        "kind": "enum",
        "path_name": "quyền",
        "path": "role",
        "value": "super",
        "enum_values": [
          "admin",
          "normal"
        ],
        "enum_values_string": "admin, normal"
      }
    },
    {
      "message": "Address.country dài ít nhất 2 kí tự",
      "context": {
        "kind": "minlength",
        "path_name": "address.country",
        "path": "address.country",
        "value": "1",
        "min_length": 2
      }
    }
  ],
  "messages": [
    "Sinh nhật phải là ngày",
    "Logs phải là Mảng",
    "Thiếu thông tin tên tài khoản",
    "Tuổi không được lớn hơn 200",
    "Email không hợp lệ",
    "Quyền phải thuột một trong các giá trị sau : admin, normal",
    "Address.country dài ít nhất 2 kí tự"
  ],
  "origin_error": {
    "errors": {
      "birthday": {
        "message": "Cast to Date failed for value \"AAA\" at path \"birthday\"",
        "name": "CastError",
        "stringValue": "\"AAA\"",
        "kind": "type",
        "value": "AAA",
        "path": "birthday",
        "reason": {
          "message": "Cast to date failed for value \"AAA\" at path \"birthday\"",
          "name": "CastError",
          "stringValue": "\"AAA\"",
          "kind": "date",
          "value": "AAA",
          "path": "birthday"
        },
        "type": "Date",
        "type_name": "ngày"
      },
      "logs": {
        "message": "Cast to Array failed for value \"AAA\" at path \"logs\"",
        "name": "CastError",
        "stringValue": "\"AAA\"",
        "kind": "type",
        "value": "AAA",
        "path": "logs",
        "reason": {
          "message": "Cast to embedded failed for value \"\\'AAA\\'\" at path \"logs\"",
          "name": "CastError",
          "stringValue": "\"\\'AAA\\'\"",
          "kind": "embedded",
          "value": "'AAA'",
          "path": "logs",
          "reason": {
            "message": "Parameter \"obj\" to Document() must be an object, got AAA",
            "name": "ObjectParameterError"
          }
        },
        "type": "Array",
        "type_name": "Mảng"
      },
      "username": {
        "message": "Path `username` is required.",
        "name": "ValidatorError",
        "properties": {
          "message": "Path `username` is required.",
          "type": "required",
          "path": "username"
        },
        "kind": "required",
        "path": "username"
      },
      "age": {
        "message": "Path `age` (1000) is more than maximum allowed value (200).",
        "name": "ValidatorError",
        "properties": {
          "message": "Path `age` (1000) is more than maximum allowed value (200).",
          "type": "max",
          "max": 200,
          "path": "age",
          "value": 1000
        },
        "kind": "max",
        "path": "age",
        "value": 1000
      },
      "email": {
        "message": "Path `email` is invalid (bi.mail.com).",
        "name": "ValidatorError",
        "properties": {
          "message": "Path `email` is invalid (bi.mail.com).",
          "type": "regexp",
          "regexp": {},
          "path": "email",
          "value": "bi.mail.com"
        },
        "kind": "regexp",
        "path": "email",
        "value": "bi.mail.com"
      },
      "role": {
        "message": "`super` is not a valid enum value for path `role`.",
        "name": "ValidatorError",
        "properties": {
          "message": "`super` is not a valid enum value for path `role`.",
          "type": "enum",
          "enumValues": [
            "admin",
            "normal"
          ],
          "path": "role",
          "value": "super",
          "enumValuesString": "admin, normal"
        },
        "kind": "enum",
        "path": "role",
        "value": "super"
      },
      "address.country": {
        "message": "Path `address.country` (`1`) is shorter than the minimum allowed length (2).",
        "name": "ValidatorError",
        "properties": {
          "message": "Path `address.country` (`1`) is shorter than the minimum allowed length (2).",
          "type": "minlength",
          "minlength": 2,
          "path": "address.country",
          "value": "1"
        },
        "kind": "minlength",
        "path": "address.country",
        "value": "1"
      }
    },
    "_message": "Users validation failed",
    "message": "Users validation failed: birthday: Cast to Date failed for value \"AAA\" at path \"birthday\", logs: Cast to Array failed for value \"AAA\" at path \"logs\", username: Path `username` is required., age: Path `age` (1000) is more than maximum allowed value (200)., email: Path `email` is invalid (bi.mail.com)., role: `super` is not a valid enum value for path `role`., address.country: Path `address.country` (`1`) is shorter than the minimum allowed length (2).",
    "name": "ValidationError"
  }
}
Debugger attached.
Waiting for the debugger to disconnect...
